// Jest Snapshot v1, https://goo.gl/fbAQLP

exports[`Pruebas en <FirstApp /> debe de hacer match con el snapshot 1`] = `
<div>
  <h1
    data-testid="test-title"
  >
     
    Hola, soy Adrian
     
  </h1>
  <div>
    No hay subtitulo
  </div>
  <div>
    No hay subtitulo
  </div>
  <p>
    Adrian Olvera Ordo√±ez
  </p>
</div>
`;
